[2018/05/15 22:24:51 CST] [INFO] (main.main:9) Hello,word!
[2018/05/15 22:48:46 CST] [INFO] (main.Logger.func1:16) GET	/	Index	0s
[2018/05/15 22:48:47 CST] [INFO] (main.Logger.func1:16) GET	/	Index	0s
[2018/05/15 22:48:48 CST] [INFO] (main.Logger.func1:16) GET	/	Index	0s
[2018/05/15 22:48:48 CST] [INFO] (main.Logger.func1:16) GET	/	Index	0s
[2018/05/15 22:48:48 CST] [INFO] (main.Logger.func1:16) GET	/	Index	0s
[2018/05/15 22:50:48 CST] [INFO] (main.Logger.func1:16) HTTP/1.1	GET	[::1]:51766	localhost:8080	/	Index	0s
[2018/05/15 22:51:46 CST] [INFO] (main.Logger.func1:16) HTTP/1.1	GET	[::1]:51791 -> localhost:8080	/Index	0s
[2018/05/15 22:52:27 CST] [INFO] (main.Logger.func1:16) HTTP/1.1	GET	[::1]:51807 -> localhost:8080/	Index	0s
[2018/05/15 22:58:42 CST] [INFO] (main.main:21) 127.0.0.3
[2018/05/15 23:06:42 CST] [INFO] (main.Logger.func1:16) HTTP/1.1	GET	127.0.0.1:52247 -> localhost:8000/	Index	1.0001ms
[2018/05/15 23:08:46 CST] [INFO] (main.Logger.func1:16) HTTP/1.1	GET	127.0.0.1:52295 -> localhost:8000/	Index	0s
[2018/05/15 23:08:47 CST] [INFO] (main.Logger.func1:16) HTTP/1.1	GET	127.0.0.1:52295 -> localhost:8000/	Index	0s
[2018/05/15 23:08:48 CST] [INFO] (main.Logger.func1:16) HTTP/1.1	GET	127.0.0.1:52295 -> localhost:8000/	Index	0s
[2018/05/15 23:08:48 CST] [INFO] (main.Logger.func1:16) HTTP/1.1	GET	127.0.0.1:52295 -> localhost:8000/	Index	0s
[2018/05/15 23:08:49 CST] [INFO] (main.Logger.func1:16) HTTP/1.1	GET	127.0.0.1:52295 -> localhost:8000/	Index	0s
[2018/05/15 23:08:49 CST] [INFO] (main.Logger.func1:16) HTTP/1.1	GET	127.0.0.1:52295 -> localhost:8000/	Index	0s
[2018/05/15 23:08:49 CST] [INFO] (main.Logger.func1:16) HTTP/1.1	GET	127.0.0.1:52295 -> localhost:8000/	Index	0s
[2018/05/15 23:08:49 CST] [INFO] (main.Logger.func1:16) HTTP/1.1	GET	127.0.0.1:52295 -> localhost:8000/	Index	0s
[2018/05/15 23:18:44 CST] [INFO] (main.main:30) 
zzzzzzzzzzzzzzzzz   ggggggggg   ggggg   ooooooooooo   
z:::::::::::::::z  g:::::::::ggg::::g oo:::::::::::oo 
z::::::::::::::z  g:::::::::::::::::go:::::::::::::::o
zzzzzzzz::::::z  g::::::ggggg::::::ggo:::::ooooo:::::o
      z::::::z   g:::::g     g:::::g o::::o     o::::o
     z::::::z    g:::::g     g:::::g o::::o     o::::o
    z::::::z     g:::::g     g:::::g o::::o     o::::o
   z::::::z      g::::::g    g:::::g o::::o     o::::o
  z::::::zzzzzzzzg:::::::ggggg:::::g o:::::ooooo:::::o
 z::::::::::::::z g::::::::::::::::g o:::::::::::::::o
z:::::::::::::::z  gg::::::::::::::g  oo:::::::::::oo 
zzzzzzzzzzzzzzzzz    gggggggg::::::g    ooooooooooo   
                             g:::::g                  
                 gggggg      g:::::g                  
                 g:::::gg   gg:::::g                  
                  g::::::ggg:::::::g                  
                   gg:::::::::::::g                   
                     ggg::::::ggg                     
                        gggggg                        
[2018/05/15 23:18:59 CST] [INFO] (main.Logger.func1:16) HTTP/1.1	GET	127.0.0.1:52717 -> localhost:8000/	Index	0s
[2018/05/15 23:19:00 CST] [INFO] (main.Logger.func1:16) HTTP/1.1	GET	127.0.0.1:52717 -> localhost:8000/	Index	0s
[2018/05/15 23:19:01 CST] [INFO] (main.Logger.func1:16) HTTP/1.1	GET	127.0.0.1:52717 -> localhost:8000/	Index	0s
[2018/05/15 23:19:01 CST] [INFO] (main.Logger.func1:16) HTTP/1.1	GET	127.0.0.1:52717 -> localhost:8000/	Index	0s
[2018/05/15 23:22:43 CST] [INFO] (main.main:39) Server Zgo (1.0.0) starting at:[127.0.0.1:8000]......
zzzzzzzzzzzzzzzzz   ggggggggg   ggggg   ooooooooooo   
z:::::::::::::::z  g:::::::::ggg::::g oo:::::::::::oo 
z::::::::::::::z  g:::::::::::::::::go:::::::::::::::o
zzzzzzzz::::::z  g::::::ggggg::::::ggo:::::ooooo:::::o
      z::::::z   g:::::g     g:::::g o::::o     o::::o
     z::::::z    g:::::g     g:::::g o::::o     o::::o
    z::::::z     g:::::g     g:::::g o::::o     o::::o
   z::::::z      g::::::g    g:::::g o::::o     o::::o
  z::::::zzzzzzzzg:::::::ggggg:::::g o:::::ooooo:::::o
 z::::::::::::::z g::::::::::::::::g o:::::::::::::::o
z:::::::::::::::z  gg::::::::::::::g  oo:::::::::::oo 
zzzzzzzzzzzzzzzzz    gggggggg::::::g    ooooooooooo   
                             g:::::g                  
                 gggggg      g:::::g                  
                 g:::::gg   gg:::::g                  
                  g::::::ggg:::::::g                  
                   gg:::::::::::::g                   
                     ggg::::::ggg                     
                        gggggg                        
[2018/05/15 23:23:08 CST] [INFO] (main.main:39) Server Zgo (1.0.0) starting at:[127.0.0.1:8000]  ...
zzzzzzzzzzzzzzzzz   ggggggggg   ggggg   ooooooooooo   
z:::::::::::::::z  g:::::::::ggg::::g oo:::::::::::oo 
z::::::::::::::z  g:::::::::::::::::go:::::::::::::::o
zzzzzzzz::::::z  g::::::ggggg::::::ggo:::::ooooo:::::o
      z::::::z   g:::::g     g:::::g o::::o     o::::o
     z::::::z    g:::::g     g:::::g o::::o     o::::o
    z::::::z     g:::::g     g:::::g o::::o     o::::o
   z::::::z      g::::::g    g:::::g o::::o     o::::o
  z::::::zzzzzzzzg:::::::ggggg:::::g o:::::ooooo:::::o
 z::::::::::::::z g::::::::::::::::g o:::::::::::::::o
z:::::::::::::::z  gg::::::::::::::g  oo:::::::::::oo 
zzzzzzzzzzzzzzzzz    gggggggg::::::g    ooooooooooo   
                             g:::::g                  
                 gggggg      g:::::g                  
                 g:::::gg   gg:::::g                  
                  g::::::ggg:::::::g                  
                   gg:::::::::::::g                   
                     ggg::::::ggg                     
                        gggggg                        
[2018/05/15 23:23:15 CST] [INFO] (main.Logger.func1:16) HTTP/1.1	GET	127.0.0.1:52819 -> localhost:8000/	Index	0s
